// Jest Snapshot v1, https://goo.gl/fbAQLP

exports[`Dropdown renders correctly 1`] = `
<div
  class="dropdown-wrapper  "
>
  <label
    class="dropdown-label"
    for="fakeId"
  >
    <div
      class="mandatory-container"
    >
      <span
        class="text-mandatory"
      >
        *
      </span>
    </div>
  </label>
  <select
    class="dropdown-select form-select form-control"
    id="fakeId"
    name="testDropdown"
    required=""
  >
    <option
      id="empty-option"
      value=""
    />
    <option
      id="0"
      value="Option 1"
    >
      Option 1
    </option>
    <option
      id="1"
      value="Option 2"
    >
      Option 2
    </option>
    <option
      id="2"
      value="Option 3"
    >
      Option 3
    </option>
  </select>
</div>
`;
