// Jest Snapshot v1, https://goo.gl/fbAQLP

exports[`FormFooterSingleStep renders correctly 1`] = `
<div
  className="text-center"
>
  <button
    className="btn btn-primary"
    onClick={[Function]}
  >
    Send
  </button>
</div>
`;
