// Jest Snapshot v1, https://goo.gl/fbAQLP

exports[`LinearScale renders correctly 1`] = `
<div
  className="linear-scale-container"
>
  <span
    className="scale-label lower"
  >
    Lower Label
  </span>
  <div
    className="row"
  >
    <label
      className="select-label linear-scale"
    >
      <input
        className="form-check-input"
        name="linearScaleName"
        onChange={[Function]}
        required={true}
        type="radio"
        value="1"
      />
      <span>
        1
      </span>
    </label>
    <label
      className="select-label linear-scale"
    >
      <input
        className="form-check-input"
        name="linearScaleName"
        onChange={[Function]}
        required={true}
        type="radio"
        value="2"
      />
      <span>
        2
      </span>
    </label>
    <label
      className="select-label linear-scale"
    >
      <input
        className="form-check-input"
        name="linearScaleName"
        onChange={[Function]}
        required={true}
        type="radio"
        value="3"
      />
      <span>
        3
      </span>
    </label>
    <label
      className="select-label linear-scale"
    >
      <input
        className="form-check-input"
        name="linearScaleName"
        onChange={[Function]}
        required={true}
        type="radio"
        value="4"
      />
      <span>
        4
      </span>
    </label>
    <label
      className="select-label linear-scale"
    >
      <input
        className="form-check-input"
        name="linearScaleName"
        onChange={[Function]}
        required={true}
        type="radio"
        value="5"
      />
      <span>
        5
      </span>
    </label>
  </div>
  <span
    className="scale-label upper"
  >
    Upper Label
  </span>
</div>
`;
