// Jest Snapshot v1, https://goo.gl/fbAQLP

exports[`Mandatory renders correctly 1`] = `
<span
  className="text-mandatory"
  onBlur={[Function]}
  onFocus={[Function]}
  onMouseOut={[Function]}
  onMouseOver={[Function]}
>
  *
</span>
`;
